// Jest Snapshot v1, https://goo.gl/fbAQLP

exports[`<Comments/> renders correctly 1`] = `
<Text>
  Loading...
</Text>
`;

exports[`<Comments/> renders correctly with initial value of 10 1`] = `
<Text>
  Loading...
</Text>
`;
